backend/src/services/emailService.ts(1,24): error TS2307: Cannot find module 'resend' or its corresponding type declarations.
backend/src/services/faceRecognition.ts(7,22): error TS2307: Cannot find module 'onnxruntime-node' or its corresponding type declarations.
backend/src/services/faceRecognition.ts(8,19): error TS2307: Cannot find module 'sharp' or its corresponding type declarations.
backend/src/services/googleDriveService.ts(1,24): error TS2307: Cannot find module 'googleapis' or its corresponding type declarations.
